12-07 16:26:38.692 24427 24427 W m.taskmastermdt: Accessing hidden field Landroid/widget/AbsListView;->mIsChildViewEnabled:Z (unsupported, reflection, allowed)
12-07 16:26:38.707   383   458 D goldfish-address-space: claimShared: Ask to claim region [0x1f25a0000 0x1f2700000]
12-07 16:26:38.708   384   384 W RanchuHwc: presentDisplay display has no layers to compose, flushing client target buffer.
12-07 16:26:38.711   383   458 D goldfish-address-space: claimShared: Ask to claim region [0x1f2700000 0x1f2860000]
12-07 16:26:38.711   383   458 D goldfish-address-space: claimShared: Ask to claim region [0x1f78d0000 0x1f7a30000]
12-07 16:26:38.719 24427 24452 W Parcel  : Expecting binder but got null!
12-07 16:26:38.725   384   384 W RanchuHwc: presentDisplay display has no layers to compose, flushing client target buffer.
12-07 16:26:38.742   384   384 W RanchuHwc: presentDisplay display has no layers to compose, flushing client target buffer.
12-07 16:26:38.758   384   384 W RanchuHwc: presentDisplay display has no layers to compose, flushing client target buffer.
12-07 16:26:38.775   384   384 W RanchuHwc: presentDisplay display has no layers to compose, flushing client target buffer.
12-07 16:26:38.791   384   384 W RanchuHwc: presentDisplay display has no layers to compose, flushing client target buffer.
12-07 16:26:38.808   384   384 W RanchuHwc: presentDisplay display has no layers to compose, flushing client target buffer.
12-07 16:26:38.824   384   384 W RanchuHwc: presentDisplay display has no layers to compose, flushing client target buffer.
12-07 16:26:38.841   384   384 W RanchuHwc: presentDisplay display has no layers to compose, flushing client target buffer.
12-07 16:26:38.846 24427 24427 D LifecycleMonitor: Lifecycle status change: com.taskmastermdt.activities.MainActivity@31f5788 in: STOPPED
12-07 16:26:38.846 24427 24427 V ActivityScenario: Activity lifecycle changed event received but ignored because the intent does not match. startActivityIntent=Intent { act=android.intent.action.MAIN cat=[android.intent.category.LAUNCHER] flg=0x10008000 cmp=com.taskmastermdt/.activities.MainActivity }, activity.getIntent()=Intent { cmp=com.taskmastermdt/.activities.MainActivity }, activity=com.taskmastermdt.activities.MainActivity@31f5788
12-07 16:26:38.847 24427 24427 D LifecycleMonitor: Lifecycle status change: com.taskmastermdt.activities.Settings@c0b3af2 in: STOPPED
12-07 16:26:38.847 24427 24427 V ActivityScenario: Activity lifecycle changed event received but ignored because the intent does not match. startActivityIntent=Intent { act=android.intent.action.MAIN cat=[android.intent.category.LAUNCHER] flg=0x10008000 cmp=com.taskmastermdt/.activities.MainActivity }, activity.getIntent()=Intent { cmp=com.taskmastermdt/.activities.Settings }, activity=com.taskmastermdt.activities.Settings@c0b3af2
12-07 16:26:38.848 24427 24452 D OpenGLRenderer: endAllActiveAnimators on 0xb400006fe0471200 (RippleDrawable) with handle 0xb400006ef0498bc0
12-07 16:26:38.851 24427 24452 D OpenGLRenderer: endAllActiveAnimators on 0xb400006fe04548f0 (RippleDrawable) with handle 0xb400006ef0491a80
12-07 16:26:38.851 24427 24452 D OpenGLRenderer: endAllActiveAnimators on 0xb400006fe0467df0 (RippleDrawable) with handle 0xb400006ef0495950
12-07 16:26:38.852 22286 22309 W Icing   : Usage reports not received in time.: java.util.concurrent.TimeoutException: Timed out waiting for Task
12-07 16:26:38.857   384   384 W RanchuHwc: presentDisplay display has no layers to compose, flushing client target buffer.
12-07 16:26:38.859 22286 22309 I Icing   : Usage reports ok 1, Failed Usage reports 0, indexed 0, rejected 0
12-07 16:26:38.874   384   384 W RanchuHwc: presentDisplay display has no layers to compose, flushing client target buffer.
12-07 16:26:38.877 22286 22309 I Icing   : Indexing com.google.android.gms-apps from com.google.android.gms
12-07 16:26:38.882 22286 22309 I Icing   : Indexing done com.google.android.gms-apps
12-07 16:26:38.883 22286 22309 I Icing   : Indexing com.google.android.gms-apps from com.google.android.gms
12-07 16:26:38.883 22286 22309 I Icing   : Indexing done com.google.android.gms-apps
12-07 16:26:38.891   384   384 W RanchuHwc: presentDisplay display has no layers to compose, flushing client target buffer.
12-07 16:26:38.907   384   384 W RanchuHwc: presentDisplay display has no layers to compose, flushing client target buffer.
12-07 16:26:38.924   384   384 W RanchuHwc: presentDisplay display has no layers to compose, flushing client target buffer.
12-07 16:26:38.940   384   384 W RanchuHwc: presentDisplay display has no layers to compose, flushing client target buffer.
12-07 16:26:38.957   384   384 W RanchuHwc: presentDisplay display has no layers to compose, flushing client target buffer.
12-07 16:26:38.974   384   384 W RanchuHwc: presentDisplay display has no layers to compose, flushing client target buffer.
12-07 16:26:38.982 24427 24427 I ViewInteraction: Performing 'load adapter data' action on view Child at position 0 in parent view.getClass().getName() matches: is "android.widget.PopupWindow$PopupBackgroundView"
12-07 16:26:38.990   384   384 W RanchuHwc: presentDisplay display has no layers to compose, flushing client target buffer.
12-07 16:26:38.994 24427 24427 I ViewInteraction: Performing 'single click' action on view  displaying data matching: ANYTHING within adapter view matching: Child at position 0 in parent view.getClass().getName() matches: is "android.widget.PopupWindow$PopupBackgroundView"
12-07 16:26:39.008   384   384 W RanchuHwc: presentDisplay display has no layers to compose, flushing client target buffer.
12-07 16:26:39.025   384   384 W RanchuHwc: presentDisplay display has no layers to compose, flushing client target buffer.
12-07 16:26:39.041   384   384 W RanchuHwc: presentDisplay display has no layers to compose, flushing client target buffer.
12-07 16:26:39.057   384   384 W RanchuHwc: presentDisplay display has no layers to compose, flushing client target buffer.
12-07 16:26:39.074   384   384 W RanchuHwc: presentDisplay display has no layers to compose, flushing client target buffer.
12-07 16:26:39.090   384   384 W RanchuHwc: presentDisplay display has no layers to compose, flushing client target buffer.
12-07 16:26:39.107   384   384 W RanchuHwc: presentDisplay display has no layers to compose, flushing client target buffer.
12-07 16:26:39.125   384   384 W RanchuHwc: presentDisplay display has no layers to compose, flushing client target buffer.
12-07 16:26:39.141   384   384 W RanchuHwc: presentDisplay display has no layers to compose, flushing client target buffer.
12-07 16:26:39.146  8266  8266 I GoogleInputMethodService: GoogleInputMethodService.onFinishInput():3204
12-07 16:26:39.146  8266  8266 I GoogleInputMethodService: GoogleInputMethodService.updateDeviceLockedStatus():2100 checkRepeatedly = false, unlocked = true
12-07 16:26:39.146  8266  8266 I GoogleInputMethodService: GoogleInputMethodService.onStartInput():1903 onStartInput(EditorInfo{inputType=0x0(NULL) imeOptions=0x0 privateImeOptions=null actionName=UNSPECIFIED actionLabel=null actionId=0 initialSelStart=-1 initialSelEnd=-1 initialCapsMode=0x0 hintText=null label=null packageName=com.taskmastermdt fieldId=-1 fieldName=null extras=null}, false)
12-07 16:26:39.147  8266  8266 I GoogleInputMethodService: GoogleInputMethodService.updateDeviceLockedStatus():2100 checkRepeatedly = true, unlocked = true
12-07 16:26:39.157   384   384 W RanchuHwc: presentDisplay display has no layers to compose, flushing client target buffer.
12-07 16:26:39.176   384   384 W RanchuHwc: presentDisplay display has no layers to compose, flushing client target buffer.
12-07 16:26:39.191   384   384 W RanchuHwc: presentDisplay display has no layers to compose, flushing client target buffer.
12-07 16:26:39.208   384   384 W RanchuHwc: presentDisplay display has no layers to compose, flushing client target buffer.
12-07 16:26:39.224   384   384 W RanchuHwc: presentDisplay display has no layers to compose, flushing client target buffer.
12-07 16:26:39.241   384   384 W RanchuHwc: presentDisplay display has no layers to compose, flushing client target buffer.
12-07 16:26:39.259   384   384 W RanchuHwc: presentDisplay display has no layers to compose, flushing client target buffer.
12-07 16:26:39.274   384   384 W RanchuHwc: presentDisplay display has no layers to compose, flushing client target buffer.
12-07 16:26:39.278 24427 24427 I ViewInteraction: Performing 'single click' action on view (view.getId() is <2131230721/com.taskmastermdt:id/AddTaskBtnAddTask> and an instance of android.widget.TextView and view.getText() with or without transformation to match: is "Add Task" and Child at position 8 in parent (view.getId() is <2131230880/com.taskmastermdt:id/constraintLayout> and Child at position 0 in parent view.getId() is <16908290/android:id/content>) and (view has effective visibility <VISIBLE> and view.getGlobalVisibleRect() to return non-empty rectangle))
12-07 16:26:39.290   384   384 W RanchuHwc: presentDisplay display has no layers to compose, flushing client target buffer.
12-07 16:26:39.307   384   384 W RanchuHwc: presentDisplay display has no layers to compose, flushing client target buffer.
12-07 16:26:39.324   384   384 W RanchuHwc: presentDisplay display has no layers to compose, flushing client target buffer.
12-07 16:26:39.342   384   384 W RanchuHwc: presentDisplay display has no layers to compose, flushing client target buffer.
12-07 16:26:39.357   384   384 W RanchuHwc: presentDisplay display has no layers to compose, flushing client target buffer.
12-07 16:26:39.362 24427 24452 D EGL_emulation: app_time_stats: avg=18.16ms min=3.10ms max=60.53ms count=52
12-07 16:26:39.374   384   384 W RanchuHwc: presentDisplay display has no layers to compose, flushing client target buffer.
12-07 16:26:39.391   384   384 W RanchuHwc: presentDisplay display has no layers to compose, flushing client target buffer.
12-07 16:26:39.407   384   384 W RanchuHwc: presentDisplay display has no layers to compose, flushing client target buffer.
12-07 16:26:39.424   384   384 W RanchuHwc: presentDisplay display has no layers to compose, flushing client target buffer.
12-07 16:26:39.424 24427 24452 D OpenGLRenderer: endAllActiveAnimators on 0xb400006fe048ae00 (DropDownListView) with handle 0xb400006ef048dc70
12-07 16:26:39.425   554  3309 W InputManager-JNI: Input channel object 'ca2b439 PopupWindow:6c1ba35 (client)' was disposed without first being removed with the input manager!
12-07 16:26:39.441   384   384 W RanchuHwc: presentDisplay display has no layers to compose, flushing client target buffer.
12-07 16:26:39.457   384   384 W RanchuHwc: presentDisplay display has no layers to compose, flushing client target buffer.
12-07 16:26:39.474   384   384 W RanchuHwc: presentDisplay display has no layers to compose, flushing client target buffer.
12-07 16:26:39.490   384   384 W RanchuHwc: presentDisplay display has no layers to compose, flushing client target buffer.
12-07 16:26:39.507   384   384 W RanchuHwc: presentDisplay display has no layers to compose, flushing client target buffer.
12-07 16:26:39.524   384   384 W RanchuHwc: presentDisplay display has no layers to compose, flushing client target buffer.
12-07 16:26:39.541   384   384 W RanchuHwc: presentDisplay display has no layers to compose, flushing client target buffer.
12-07 16:26:39.557   384   384 W RanchuHwc: presentDisplay display has no layers to compose, flushing client target buffer.
12-07 16:26:39.564 24427 24427 I ViewInteraction: Performing 'single click' action on view (view.getId() is <2131230722/com.taskmastermdt:id/AddTaskBtnBack> and an instance of android.widget.TextView and view.getText() with or without transformation to match: is "Back" and Child at position 3 in parent (view.getId() is <2131230880/com.taskmastermdt:id/constraintLayout> and Child at position 0 in parent view.getId() is <16908290/android:id/content>) and (view has effective visibility <VISIBLE> and view.getGlobalVisibleRect() to return non-empty rectangle))
12-07 16:26:39.574   384   384 W RanchuHwc: presentDisplay display has no layers to compose, flushing client target buffer.
12-07 16:26:39.590   384   384 W RanchuHwc: presentDisplay display has no layers to compose, flushing client target buffer.
12-07 16:26:39.607   384   384 W RanchuHwc: presentDisplay display has no layers to compose, flushing client target buffer.
12-07 16:26:39.611 24427 24427 D LifecycleMonitor: Lifecycle status change: com.taskmastermdt.activities.AddTask@feeff3e in: PAUSED
12-07 16:26:39.611 24427 24427 V ActivityScenario: Activity lifecycle changed event received but ignored because the intent does not match. startActivityIntent=Intent { act=android.intent.action.MAIN cat=[android.intent.category.LAUNCHER] flg=0x10008000 cmp=com.taskmastermdt/.activities.MainActivity }, activity.getIntent()=Intent { cmp=com.taskmastermdt/.activities.AddTask }, activity=com.taskmastermdt.activities.AddTask@feeff3e
12-07 16:26:39.624   384   384 W RanchuHwc: presentDisplay display has no layers to compose, flushing client target buffer.
12-07 16:26:39.626 24427 24427 D LifecycleMonitor: Lifecycle status change: com.taskmastermdt.activities.MainActivity@91ddb83 in: PRE_ON_CREATE
12-07 16:26:39.626 24427 24427 V ActivityScenario: Activity lifecycle changed event received but ignored because the intent does not match. startActivityIntent=Intent { act=android.intent.action.MAIN cat=[android.intent.category.LAUNCHER] flg=0x10008000 cmp=com.taskmastermdt/.activities.MainActivity }, activity.getIntent()=Intent { cmp=com.taskmastermdt/.activities.MainActivity }, activity=com.taskmastermdt.activities.MainActivity@91ddb83
12-07 16:26:39.635 24427 24427 D LifecycleMonitor: Lifecycle status change: com.taskmastermdt.activities.MainActivity@91ddb83 in: CREATED
12-07 16:26:39.635 24427 24427 V ActivityScenario: Activity lifecycle changed event received but ignored because the intent does not match. startActivityIntent=Intent { act=android.intent.action.MAIN cat=[android.intent.category.LAUNCHER] flg=0x10008000 cmp=com.taskmastermdt/.activities.MainActivity }, activity.getIntent()=Intent { cmp=com.taskmastermdt/.activities.MainActivity }, activity=com.taskmastermdt.activities.MainActivity@91ddb83
12-07 16:26:39.636 24427 24427 D LifecycleMonitor: Lifecycle status change: com.taskmastermdt.activities.MainActivity@91ddb83 in: STARTED
12-07 16:26:39.636 24427 24427 V ActivityScenario: Activity lifecycle changed event received but ignored because the intent does not match. startActivityIntent=Intent { act=android.intent.action.MAIN cat=[android.intent.category.LAUNCHER] flg=0x10008000 cmp=com.taskmastermdt/.activities.MainActivity }, activity.getIntent()=Intent { cmp=com.taskmastermdt/.activities.MainActivity }, activity=com.taskmastermdt.activities.MainActivity@91ddb83
12-07 16:26:39.636 24427 24427 D LifecycleMonitor: Lifecycle status change: com.taskmastermdt.activities.MainActivity@91ddb83 in: RESUMED
12-07 16:26:39.637 24427 24427 V ActivityScenario: Activity lifecycle changed event received but ignored because the intent does not match. startActivityIntent=Intent { act=android.intent.action.MAIN cat=[android.intent.category.LAUNCHER] flg=0x10008000 cmp=com.taskmastermdt/.activities.MainActivity }, activity.getIntent()=Intent { cmp=com.taskmastermdt/.activities.MainActivity }, activity=com.taskmastermdt.activities.MainActivity@91ddb83
12-07 16:26:39.641   384   384 W RanchuHwc: presentDisplay display has no layers to compose, flushing client target buffer.
12-07 16:26:39.647   383   458 D goldfish-address-space: claimShared: Ask to claim region [0x1f2b64000 0x1f34cc000]
12-07 16:26:39.649   383   458 D goldfish-address-space: claimShared: Ask to claim region [0x1f34cc000 0x1f3e34000]
12-07 16:26:39.649   383   458 D goldfish-address-space: claimShared: Ask to claim region [0x1f0000000 0x1f0968000]
12-07 16:26:39.658   384   384 W RanchuHwc: presentDisplay display has no layers to compose, flushing client target buffer.
12-07 16:26:39.668 24427 24452 W Parcel  : Expecting binder but got null!
12-07 16:26:39.671   554   569 I ActivityTaskManager: Displayed com.taskmastermdt/.activities.MainActivity: +62ms
12-07 16:26:39.673   383   458 D goldfish-address-space: claimShared: Ask to claim region [0x1f3fe8000 0x1f3fec000]
12-07 16:26:39.675   384   384 W RanchuHwc: presentDisplay display has no layers to compose, flushing client target buffer.
12-07 16:26:39.675   383   458 D goldfish-address-space: claimShared: Ask to claim region [0x1f3fec000 0x1f3ff0000]
12-07 16:26:39.691   384   384 W RanchuHwc: presentDisplay display has no layers to compose, flushing client target buffer.
12-07 16:26:39.708   384   384 W RanchuHwc: presentDisplay display has no layers to compose, flushing client target buffer.
12-07 16:26:39.724   384   384 W RanchuHwc: presentDisplay display has no layers to compose, flushing client target buffer.
12-07 16:26:39.741   384   384 W RanchuHwc: presentDisplay display has no layers to compose, flushing client target buffer.
12-07 16:26:39.759  8266  8266 I GoogleInputMethodService: GoogleInputMethodService.onFinishInput():3204
12-07 16:26:39.759   384   384 W RanchuHwc: presentDisplay display has no layers to compose, flushing client target buffer.
12-07 16:26:39.759  8266  8266 I GoogleInputMethodService: GoogleInputMethodService.updateDeviceLockedStatus():2100 checkRepeatedly = false, unlocked = true
12-07 16:26:39.759  8266  8266 I GoogleInputMethodService: GoogleInputMethodService.onStartInput():1903 onStartInput(EditorInfo{inputType=0x0(NULL) imeOptions=0x0 privateImeOptions=null actionName=UNSPECIFIED actionLabel=null actionId=0 initialSelStart=-1 initialSelEnd=-1 initialCapsMode=0x0 hintText=null label=null packageName=com.taskmastermdt fieldId=-1 fieldName=null extras=null}, false)
12-07 16:26:39.760  8266  8266 I GoogleInputMethodService: GoogleInputMethodService.updateDeviceLockedStatus():2100 checkRepeatedly = true, unlocked = true
12-07 16:26:39.776   384   384 W RanchuHwc: presentDisplay display has no layers to compose, flushing client target buffer.
12-07 16:26:39.791   384   384 W RanchuHwc: presentDisplay display has no layers to compose, flushing client target buffer.
12-07 16:26:39.808   384   384 W RanchuHwc: presentDisplay display has no layers to compose, flushing client target buffer.
12-07 16:26:39.824   384   384 W RanchuHwc: presentDisplay display has no layers to compose, flushing client target buffer.
12-07 16:26:39.841   384   384 W RanchuHwc: presentDisplay display has no layers to compose, flushing client target buffer.
12-07 16:26:39.857   384   384 W RanchuHwc: presentDisplay display has no layers to compose, flushing client target buffer.
12-07 16:26:39.874   384   384 W RanchuHwc: presentDisplay display has no layers to compose, flushing client target buffer.
12-07 16:26:39.891   384   384 W RanchuHwc: presentDisplay display has no layers to compose, flushing client target buffer.
12-07 16:26:39.897 24427 24427 I ViewInteraction: Performing 'actionOnItemAtPosition performing ViewAction: single click on item at position: 0' action on view (view.getId() is <2131230744/com.taskmastermdt:id/MainActivityRecyclerViewTaskList> and Child at position 5 in parent view.getClass().getName() matches: is "androidx.constraintlayout.widget.ConstraintLayout")
12-07 16:26:39.907   384   384 W RanchuHwc: presentDisplay display has no layers to compose, flushing client target buffer.
12-07 16:26:39.924   384   384 W RanchuHwc: presentDisplay display has no layers to compose, flushing client target buffer.
12-07 16:26:39.940   384   384 W RanchuHwc: presentDisplay display has no layers to compose, flushing client target buffer.
12-07 16:26:39.952 24427 24427 D LifecycleMonitor: Lifecycle status change: com.taskmastermdt.activities.MainActivity@91ddb83 in: PAUSED
12-07 16:26:39.953 24427 24427 V ActivityScenario: Activity lifecycle changed event received but ignored because the intent does not match. startActivityIntent=Intent { act=android.intent.action.MAIN cat=[android.intent.category.LAUNCHER] flg=0x10008000 cmp=com.taskmastermdt/.activities.MainActivity }, activity.getIntent()=Intent { cmp=com.taskmastermdt/.activities.MainActivity }, activity=com.taskmastermdt.activities.MainActivity@91ddb83
12-07 16:26:39.957 24427 24427 D LifecycleMonitor: Lifecycle status change: com.taskmastermdt.activities.TaskDetail@2608305 in: PRE_ON_CREATE
12-07 16:26:39.957   384   384 W RanchuHwc: presentDisplay display has no layers to compose, flushing client target buffer.
12-07 16:26:39.957 24427 24427 V ActivityScenario: Activity lifecycle changed event received but ignored because the intent does not match. startActivityIntent=Intent { act=android.intent.action.MAIN cat=[android.intent.category.LAUNCHER] flg=0x10008000 cmp=com.taskmastermdt/.activities.MainActivity }, activity.getIntent()=Intent { cmp=com.taskmastermdt/.activities.TaskDetail (has extras) }, activity=com.taskmastermdt.activities.TaskDetail@2608305
12-07 16:26:39.966 24427 24427 D LifecycleMonitor: Lifecycle status change: com.taskmastermdt.activities.TaskDetail@2608305 in: CREATED
12-07 16:26:39.966 24427 24427 V ActivityScenario: Activity lifecycle changed event received but ignored because the intent does not match. startActivityIntent=Intent { act=android.intent.action.MAIN cat=[android.intent.category.LAUNCHER] flg=0x10008000 cmp=com.taskmastermdt/.activities.MainActivity }, activity.getIntent()=Intent { cmp=com.taskmastermdt/.activities.TaskDetail (has extras) }, activity=com.taskmastermdt.activities.TaskDetail@2608305
12-07 16:26:39.967 24427 24427 D LifecycleMonitor: Lifecycle status change: com.taskmastermdt.activities.TaskDetail@2608305 in: STARTED
12-07 16:26:39.967 24427 24427 V ActivityScenario: Activity lifecycle changed event received but ignored because the intent does not match. startActivityIntent=Intent { act=android.intent.action.MAIN cat=[android.intent.category.LAUNCHER] flg=0x10008000 cmp=com.taskmastermdt/.activities.MainActivity }, activity.getIntent()=Intent { cmp=com.taskmastermdt/.activities.TaskDetail (has extras) }, activity=com.taskmastermdt.activities.TaskDetail@2608305
12-07 16:26:39.967 24427 24427 D LifecycleMonitor: Lifecycle status change: com.taskmastermdt.activities.TaskDetail@2608305 in: RESUMED
12-07 16:26:39.968 24427 24427 V ActivityScenario: Activity lifecycle changed event received but ignored because the intent does not match. startActivityIntent=Intent { act=android.intent.action.MAIN cat=[android.intent.category.LAUNCHER] flg=0x10008000 cmp=com.taskmastermdt/.activities.MainActivity }, activity.getIntent()=Intent { cmp=com.taskmastermdt/.activities.TaskDetail (has extras) }, activity=com.taskmastermdt.activities.TaskDetail@2608305
12-07 16:26:39.974   384   384 W RanchuHwc: presentDisplay display has no layers to compose, flushing client target buffer.
12-07 16:26:39.978   383   458 D goldfish-address-space: claimShared: Ask to claim region [0x1f0968000 0x1f12d0000]
12-07 16:26:39.979   383   458 D goldfish-address-space: claimShared: Ask to claim region [0x1f12d0000 0x1f1c38000]
12-07 16:26:39.980   383   458 D goldfish-address-space: claimShared: Ask to claim region [0x1f1c38000 0x1f25a0000]
12-07 16:26:39.985 24427 24452 W Parcel  : Expecting binder but got null!
12-07 16:26:39.988   554   569 I ActivityTaskManager: Displayed com.taskmastermdt/.activities.TaskDetail: +37ms
12-07 16:26:39.989   383   458 D goldfish-address-space: claimShared: Ask to claim region [0x1f3ff0000 0x1f3ff4000]
12-07 16:26:39.992   384   384 W RanchuHwc: presentDisplay display has no layers to compose, flushing client target buffer.
12-07 16:26:39.993   383   458 D goldfish-address-space: claimShared: Ask to claim region [0x1f3ff4000 0x1f3ff8000]
12-07 16:26:40.008   843   903 D EGL_emulation: app_time_stats: avg=110.97ms min=11.53ms max=2015.71ms count=21
12-07 16:26:40.009   384   384 W RanchuHwc: presentDisplay display has no layers to compose, flushing client target buffer.
12-07 16:26:40.025   384   384 W RanchuHwc: presentDisplay display has no layers to compose, flushing client target buffer.
12-07 16:26:40.041   384   384 W RanchuHwc: presentDisplay display has no layers to compose, flushing client target buffer.
12-07 16:26:40.058   384   384 W RanchuHwc: presentDisplay display has no layers to compose, flushing client target buffer.
12-07 16:26:40.075   384   384 W RanchuHwc: presentDisplay display has no layers to compose, flushing client target buffer.
12-07 16:26:40.091   384   384 W RanchuHwc: presentDisplay display has no layers to compose, flushing client target buffer.
12-07 16:26:40.096  8266  8266 I GoogleInputMethodService: GoogleInputMethodService.onFinishInput():3204
12-07 16:26:40.097  8266  8266 I GoogleInputMethodService: GoogleInputMethodService.updateDeviceLockedStatus():2100 checkRepeatedly = false, unlocked = true
12-07 16:26:40.097  8266  8266 I GoogleInputMethodService: GoogleInputMethodService.onStartInput():1903 onStartInput(EditorInfo{inputType=0x0(NULL) imeOptions=0x0 privateImeOptions=null actionName=UNSPECIFIED actionLabel=null actionId=0 initialSelStart=-1 initialSelEnd=-1 initialCapsMode=0x0 hintText=null label=null packageName=com.taskmastermdt fieldId=-1 fieldName=null extras=null}, false)
12-07 16:26:40.097  8266  8266 I GoogleInputMethodService: GoogleInputMethodService.updateDeviceLockedStatus():2100 checkRepeatedly = true, unlocked = true
12-07 16:26:40.108   384   384 W RanchuHwc: presentDisplay display has no layers to compose, flushing client target buffer.
12-07 16:26:40.124   384   384 W RanchuHwc: presentDisplay display has no layers to compose, flushing client target buffer.
12-07 16:26:40.141   384   384 W RanchuHwc: presentDisplay display has no layers to compose, flushing client target buffer.
12-07 16:26:40.158   384   384 W RanchuHwc: presentDisplay display has no layers to compose, flushing client target buffer.
12-07 16:26:40.175   384   384 W RanchuHwc: presentDisplay display has no layers to compose, flushing client target buffer.
12-07 16:26:40.190   384   384 W RanchuHwc: presentDisplay display has no layers to compose, flushing client target buffer.
12-07 16:26:40.207   384   384 W RanchuHwc: presentDisplay display has no layers to compose, flushing client target buffer.
12-07 16:26:40.224   384   384 W RanchuHwc: presentDisplay display has no layers to compose, flushing client target buffer.
12-07 16:26:40.240   554  1097 W InputManager-JNI: Input channel object '16a1b28 Toast (client)' was disposed without first being removed with the input manager!
12-07 16:26:40.241   384   384 W RanchuHwc: presentDisplay display has no layers to compose, flushing client target buffer.
12-07 16:26:40.246 24427 24427 I ViewInteraction: Performing 'single click' action on view (view.getId() is <2131230759/com.taskmastermdt:id/TaskDetailBtnBack> and an instance of android.widget.TextView and view.getText() with or without transformation to match: is "Back" and Child at position 0 in parent Child at position 0 in parent view.getId() is <16908290/android:id/content> and (view has effective visibility <VISIBLE> and view.getGlobalVisibleRect() to return non-empty rectangle))
12-07 16:26:40.249   383   458 D goldfish-address-space: claimShared: Ask to claim region [0x1f3e34000 0x1f3e8c000]
12-07 16:26:40.250   383   458 D goldfish-address-space: claimShared: Ask to claim region [0x1f3e8c000 0x1f3ee4000]
12-07 16:26:40.250   383   458 D goldfish-address-space: claimShared: Ask to claim region [0x1f25a0000 0x1f25f8000]
12-07 16:26:40.252   843   903 W Parcel  : Expecting binder but got null!
12-07 16:26:40.258   384   384 W RanchuHwc: presentDisplay display has no layers to compose, flushing client target buffer.
12-07 16:26:40.275   384   384 W RanchuHwc: presentDisplay display has no layers to compose, flushing client target buffer.
12-07 16:26:40.291   384   384 W RanchuHwc: presentDisplay display has no layers to compose, flushing client target buffer.
12-07 16:26:40.298 24427 24427 D LifecycleMonitor: Lifecycle status change: com.taskmastermdt.activities.TaskDetail@2608305 in: PAUSED
12-07 16:26:40.298 24427 24427 V ActivityScenario: Activity lifecycle changed event received but ignored because the intent does not match. startActivityIntent=Intent { act=android.intent.action.MAIN cat=[android.intent.category.LAUNCHER] flg=0x10008000 cmp=com.taskmastermdt/.activities.MainActivity }, activity.getIntent()=Intent { cmp=com.taskmastermdt/.activities.TaskDetail (has extras) }, activity=com.taskmastermdt.activities.TaskDetail@2608305
12-07 16:26:40.308   384   384 W RanchuHwc: presentDisplay display has no layers to compose, flushing client target buffer.
12-07 16:26:40.309 24427 24427 D LifecycleMonitor: Lifecycle status change: com.taskmastermdt.activities.MainActivity@ce6dfbe in: PRE_ON_CREATE
12-07 16:26:40.309 24427 24427 V ActivityScenario: Activity lifecycle changed event received but ignored because the intent does not match. startActivityIntent=Intent { act=android.intent.action.MAIN cat=[android.intent.category.LAUNCHER] flg=0x10008000 cmp=com.taskmastermdt/.activities.MainActivity }, activity.getIntent()=Intent { cmp=com.taskmastermdt/.activities.MainActivity }, activity=com.taskmastermdt.activities.MainActivity@ce6dfbe
12-07 16:26:40.319 24427 24427 D LifecycleMonitor: Lifecycle status change: com.taskmastermdt.activities.MainActivity@ce6dfbe in: CREATED
12-07 16:26:40.319 24427 24427 V ActivityScenario: Activity lifecycle changed event received but ignored because the intent does not match. startActivityIntent=Intent { act=android.intent.action.MAIN cat=[android.intent.category.LAUNCHER] flg=0x10008000 cmp=com.taskmastermdt/.activities.MainActivity }, activity.getIntent()=Intent { cmp=com.taskmastermdt/.activities.MainActivity }, activity=com.taskmastermdt.activities.MainActivity@ce6dfbe
12-07 16:26:40.320 24427 24427 D LifecycleMonitor: Lifecycle status change: com.taskmastermdt.activities.MainActivity@ce6dfbe in: STARTED
12-07 16:26:40.320 24427 24427 V ActivityScenario: Activity lifecycle changed event received but ignored because the intent does not match. startActivityIntent=Intent { act=android.intent.action.MAIN cat=[android.intent.category.LAUNCHER] flg=0x10008000 cmp=com.taskmastermdt/.activities.MainActivity }, activity.getIntent()=Intent { cmp=com.taskmastermdt/.activities.MainActivity }, activity=com.taskmastermdt.activities.MainActivity@ce6dfbe
12-07 16:26:40.320 24427 24427 D LifecycleMonitor: Lifecycle status change: com.taskmastermdt.activities.MainActivity@ce6dfbe in: RESUMED
12-07 16:26:40.320 24427 24427 V ActivityScenario: Activity lifecycle changed event received but ignored because the intent does not match. startActivityIntent=Intent { act=android.intent.action.MAIN cat=[android.intent.category.LAUNCHER] flg=0x10008000 cmp=com.taskmastermdt/.activities.MainActivity }, activity.getIntent()=Intent { cmp=com.taskmastermdt/.activities.MainActivity }, activity=com.taskmastermdt.activities.MainActivity@ce6dfbe
12-07 16:26:40.325   384   384 W RanchuHwc: presentDisplay display has no layers to compose, flushing client target buffer.
12-07 16:26:40.330   383   458 D goldfish-address-space: claimShared: Ask to claim region [0x1f5c38000 0x1f65a0000]
12-07 16:26:40.331   383   458 D goldfish-address-space: claimShared: Ask to claim region [0x1f65a0000 0x1f6f08000]
12-07 16:26:40.332   383   458 D goldfish-address-space: claimShared: Ask to claim region [0x1f6f08000 0x1f7870000]
12-07 16:26:40.342 24427 24452 W Parcel  : Expecting binder but got null!
12-07 16:26:40.345   554   569 I ActivityTaskManager: Displayed com.taskmastermdt/.activities.MainActivity: +50ms
12-07 16:26:40.349   384   384 W RanchuHwc: presentDisplay display has no layers to compose, flushing client target buffer.
12-07 16:26:40.357   383   458 D goldfish-address-space: claimShared: Ask to claim region [0x1f3ff8000 0x1f3ffc000]
12-07 16:26:40.358   383   458 D goldfish-address-space: claimShared: Ask to claim region [0x1f3ffc000 0x1f4000000]
12-07 16:26:40.359   384   384 W RanchuHwc: presentDisplay display has no layers to compose, flushing client target buffer.
12-07 16:26:40.374   384   384 W RanchuHwc: presentDisplay display has no layers to compose, flushing client target buffer.
12-07 16:26:40.391   384   384 W RanchuHwc: presentDisplay display has no layers to compose, flushing client target buffer.
12-07 16:26:40.407   384   384 W RanchuHwc: presentDisplay display has no layers to compose, flushing client target buffer.
12-07 16:26:40.424   384   384 W RanchuHwc: presentDisplay display has no layers to compose, flushing client target buffer.
12-07 16:26:40.441   384   384 W RanchuHwc: presentDisplay display has no layers to compose, flushing client target buffer.
12-07 16:26:40.446  8266  8266 I GoogleInputMethodService: GoogleInputMethodService.onFinishInput():3204
12-07 16:26:40.447  8266  8266 I GoogleInputMethodService: GoogleInputMethodService.updateDeviceLockedStatus():2100 checkRepeatedly = false, unlocked = true
12-07 16:26:40.447  8266  8266 I GoogleInputMethodService: GoogleInputMethodService.onStartInput():1903 onStartInput(EditorInfo{inputType=0x0(NULL) imeOptions=0x0 privateImeOptions=null actionName=UNSPECIFIED actionLabel=null actionId=0 initialSelStart=-1 initialSelEnd=-1 initialCapsMode=0x0 hintText=null label=null packageName=com.taskmastermdt fieldId=-1 fieldName=null extras=null}, false)
12-07 16:26:40.447  8266  8266 I GoogleInputMethodService: GoogleInputMethodService.updateDeviceLockedStatus():2100 checkRepeatedly = true, unlocked = true
12-07 16:26:40.459   384   384 W RanchuHwc: presentDisplay display has no layers to compose, flushing client target buffer.
12-07 16:26:40.475   384   384 W RanchuHwc: presentDisplay display has no layers to compose, flushing client target buffer.
12-07 16:26:40.492   384   384 W RanchuHwc: presentDisplay display has no layers to compose, flushing client target buffer.
12-07 16:26:40.507   384   384 W RanchuHwc: presentDisplay display has no layers to compose, flushing client target buffer.
12-07 16:26:40.537   384   384 W RanchuHwc: presentDisplay display has no layers to compose, flushing client target buffer.
12-07 16:26:40.542   384   384 W RanchuHwc: presentDisplay display has no layers to compose, flushing client target buffer.
12-07 16:26:40.558   384   384 W RanchuHwc: presentDisplay display has no layers to compose, flushing client target buffer.
12-07 16:26:40.574   384   384 W RanchuHwc: presentDisplay display has no layers to compose, flushing client target buffer.
12-07 16:26:40.583 24427 24427 I ViewInteraction: Checking 'MatchesViewAssertion{viewMatcher=an instance of android.widget.TextView and view.getText() with or without transformation to match: is "Mathew's Tasks"}' assertion on view (view.getId() is <2131230746/com.taskmastermdt:id/MainActivityTextViewUsernameTasks> and an instance of android.widget.TextView and view.getText() with or without transformation to match: is "Mathew's Tasks" and view.getParent() view.getParent() view.getId() is <16908290/android:id/content> and (view has effective visibility <VISIBLE> and view.getGlobalVisibleRect() to return non-empty rectangle))
12-07 16:26:40.584 24427 24427 I ViewInteraction: Checking 'MatchesViewAssertion{viewMatcher=an instance of android.widget.TextView and view.getText() with or without transformation to match: is "1. Take out trash"}' assertion on view (view.getId() is <2131230765/com.taskmastermdt:id/TaskListTextViewTaskName> and an instance of android.widget.TextView and view.getText() with or without transformation to match: is "1. Take out trash" and view.getParent() (view.getId() is <2131230946/com.taskmastermdt:id/frameLayout> and view.getParent() view.getId() is <2131230744/com.taskmastermdt:id/MainActivityRecyclerViewTaskList>) and (view has effective visibility <VISIBLE> and view.getGlobalVisibleRect() to return non-empty rectangle))
12-07 16:26:40.586 24427 24427 I ViewInteraction: Checking 'MatchesViewAssertion{viewMatcher=(view has effective visibility <VISIBLE> and view.getGlobalVisibleRect() to return non-empty rectangle)}' assertion on view (view.getId() is <2131230763/com.taskmastermdt:id/TaskListFragment> and view.getParent() (view.getId() is <2131230946/com.taskmastermdt:id/frameLayout> and view.getParent() view.getId() is <2131230744/com.taskmastermdt:id/MainActivityRecyclerViewTaskList>) and (view has effective visibility <VISIBLE> and view.getGlobalVisibleRect() to return non-empty rectangle))
12-07 16:26:40.586 24427 24427 I ViewInteraction: Checking 'MatchesViewAssertion{viewMatcher=(view has effective visibility <VISIBLE> and view.getGlobalVisibleRect() to return non-empty rectangle)}' assertion on view (view.getId() is <2131230763/com.taskmastermdt:id/TaskListFragment> and view.getParent() (view.getId() is <2131230946/com.taskmastermdt:id/frameLayout> and view.getParent() view.getId() is <2131230744/com.taskmastermdt:id/MainActivityRecyclerViewTaskList>) and (view has effective visibility <VISIBLE> and view.getGlobalVisibleRect() to return non-empty rectangle))
12-07 16:26:40.591   384   384 W RanchuHwc: presentDisplay display has no layers to compose, flushing client target buffer.
12-07 16:26:40.596 24427 24427 D LifecycleMonitor: Lifecycle status change: com.taskmastermdt.activities.MainActivity@ce6dfbe in: PAUSED
12-07 16:26:40.596 24427 24427 V ActivityScenario: Activity lifecycle changed event received but ignored because the intent does not match. startActivityIntent=Intent { act=android.intent.action.MAIN cat=[android.intent.category.LAUNCHER] flg=0x10008000 cmp=com.taskmastermdt/.activities.MainActivity }, activity.getIntent()=Intent { cmp=com.taskmastermdt/.activities.MainActivity }, activity=com.taskmastermdt.activities.MainActivity@ce6dfbe
12-07 16:26:40.597   366   366 D Zygote  : Forked child process 24496
12-07 16:26:40.607   384   384 W RanchuHwc: presentDisplay display has no layers to compose, flushing client target buffer.
12-07 16:26:40.608   383   458 D goldfish-address-space: claimShared: Ask to claim region [0x1f8000000 0x1f8968000]
12-07 16:26:40.625   384   384 W RanchuHwc: presentDisplay display has no layers to compose, flushing client target buffer.
12-07 16:26:40.637   383   458 D goldfish-address-space: claimShared: Ask to claim region [0x1f8968000 0x1f92d0000]
12-07 16:26:40.637   383   458 D goldfish-address-space: claimShared: Ask to claim region [0x1f92d0000 0x1f9c38000]
12-07 16:26:40.638 24496 24496 I kmastermdt.test: Late-enabling -Xcheck:jni
12-07 16:26:40.640   843   903 W Parcel  : Expecting binder but got null!
12-07 16:26:40.641   384   384 W RanchuHwc: presentDisplay display has no layers to compose, flushing client target buffer.
12-07 16:26:40.658   384   384 W RanchuHwc: presentDisplay display has no layers to compose, flushing client target buffer.
12-07 16:26:40.660  1644  1660 I adbd    : jdwp connection from 24496
12-07 16:26:40.675   384   384 W RanchuHwc: presentDisplay display has no layers to compose, flushing client target buffer.
12-07 16:26:40.688 24496 24496 D CompatibilityChangeReporter: Compat change id reported: 171979766; UID 10158; state: ENABLED
12-07 16:26:40.691   384   384 W RanchuHwc: presentDisplay display has no layers to compose, flushing client target buffer.
12-07 16:26:40.692 24496 24496 D ApplicationLoaders: Returning zygote-cached class loader: /system/framework/android.test.base.jar
12-07 16:26:40.694 24496 24496 D ApplicationLoaders: Returning zygote-cached class loader: /system/framework/android.test.base.jar
12-07 16:26:40.694 24496 24496 W kmastermdt.test: ClassLoaderContext shared library size mismatch. Expected=0, found=2 (PCL[] | PCL[]{PCL[/system/framework/android.test.base.jar*1628045882]#PCL[/system/framework/android.test.mock.jar*849501951]})
12-07 16:26:40.695 24496 24496 W ziparchive: Unable to open '/data/app/~~nFjpip_bUeLxSMEbUNRIUw==/com.taskmastermdt.test-1L7qMj43HID-sThipC6szA==/base.dm': No such file or directory
12-07 16:26:40.695 24496 24496 W ziparchive: Unable to open '/data/app/~~nFjpip_bUeLxSMEbUNRIUw==/com.taskmastermdt.test-1L7qMj43HID-sThipC6szA==/base.dm': No such file or directory
12-07 16:26:40.707   384   384 W RanchuHwc: presentDisplay display has no layers to compose, flushing client target buffer.
12-07 16:26:40.724   384   384 W RanchuHwc: presentDisplay display has no layers to compose, flushing client target buffer.
12-07 16:26:40.731   843   903 D EGL_emulation: app_time_stats: avg=196.47ms min=9.40ms max=3038.67ms count=18
12-07 16:26:40.741   384   384 W RanchuHwc: presentDisplay display has no layers to compose, flushing client target buffer.
12-07 16:26:40.751 24496 24496 V GraphicsEnvironment: ANGLE Developer option for 'com.taskmastermdt.test' set to: 'default'
12-07 16:26:40.751 24496 24496 V GraphicsEnvironment: ANGLE GameManagerService for com.taskmastermdt.test: false
12-07 16:26:40.751 24496 24496 V GraphicsEnvironment: Neither updatable production driver nor prerelease driver is supported.
12-07 16:26:40.752 24496 24496 D NetworkSecurityConfig: No Network Security Config specified, using platform default
12-07 16:26:40.753 24496 24496 D NetworkSecurityConfig: No Network Security Config specified, using platform default
12-07 16:26:40.757 24496 24521 D libEGL  : loaded /vendor/lib64/egl/libEGL_emulation.so
12-07 16:26:40.758 24496 24521 D libEGL  : loaded /vendor/lib64/egl/libGLESv1_CM_emulation.so
12-07 16:26:40.758   384   384 W RanchuHwc: presentDisplay display has no layers to compose, flushing client target buffer.
12-07 16:26:40.759 24496 24521 D libEGL  : loaded /vendor/lib64/egl/libGLESv2_emulation.so
12-07 16:26:40.774   384   384 W RanchuHwc: presentDisplay display has no layers to compose, flushing client target buffer.
12-07 16:26:40.777 24427 24427 D LifecycleMonitor: Lifecycle status change: com.taskmastermdt.activities.MainActivity@69a4fc8 in: DESTROYED
12-07 16:26:40.777 24427 24427 V ActivityScenario: Update currentActivityStage to DESTROYED, currentActivity=null
12-07 16:26:40.779   554  1797 W InputManager-JNI: Input channel object 'dc68b49 com.taskmastermdt/com.taskmastermdt.activities.MainActivity (client)' was disposed without first being removed with the input manager!
12-07 16:26:40.781 24427 24449 I TestRunner: finished: mainActivityTest2(com.taskmastermdt.activities.MainActivityTest2)
